2026-07-12 02:03:49,046 [INFO] TrendPulse starting up
2026-07-12 02:23:51,694 [INFO] TrendPulse starting up
2026-07-12 02:32:18,139 [INFO] TrendPulse starting up
2026-07-12 02:42:20,610 [INFO] TrendPulse starting up
2026-07-12 15:09:12,478 [INFO] TrendPulse starting up
2026-07-12 15:09:59,788 [INFO] TrendPulse starting up
2026-07-12 15:10:05,449 [INFO] TrendPulse starting up
2026-07-12 15:10:09,671 [INFO] TrendPulse starting up
2026-07-12 15:10:18,570 [INFO] TrendPulse starting up
2026-07-12 15:11:44,264 [INFO] TrendPulse starting up
2026-07-12 15:11:45,200 [INFO] TrendPulse starting up
2026-07-12 15:12:34,722 [INFO] TrendPulse starting up
2026-07-12 15:13:43,037 [INFO] TrendPulse starting up
2026-07-12 15:14:40,852 [INFO] TrendPulse starting up
2026-07-12 15:18:24,941 [INFO] TrendPulse starting up
2026-07-12 15:18:43,932 [INFO] TrendPulse starting up
2026-07-12 15:42:28,720 [INFO] TrendPulse starting up
2026-07-12 15:42:30,818 [INFO] Scrapping Complete,running Analysis
2026-07-12 15:43:14,067 [INFO] TrendPulse starting up
2026-07-12 15:43:16,148 [INFO] Scrapping Complete,running Analysis
2026-07-12 15:43:16,787 [INFO] Chart saved. Top topic: General (79 mentions)
2026-07-12 17:02:53,184 [INFO] TrendPulse starting up
2026-07-12 17:02:55,633 [INFO] Scrapping Complete,running Analysis
2026-07-12 17:02:56,166 [INFO] Chart saved. Top topic: General (80 mentions)
2026-07-12 17:03:57,331 [INFO] TrendPulse starting up
2026-07-12 17:03:59,249 [INFO] Scrapping Complete,running Analysis
2026-07-12 17:04:04,619 [INFO] Chart saved. Top topic: General (80 mentions)
2026-07-12 17:05:22,618 [INFO] TrendPulse starting up
2026-07-12 17:05:24,412 [INFO] Scrapping Complete,running Analysis
2026-07-12 17:05:29,516 [INFO] Chart saved. Top topic: General (80 mentions)
2026-07-12 18:45:27,149 [INFO] TrendPulse starting up
2026-07-12 18:45:29,051 [INFO] Scrapping Complete,running Analysis
2026-07-12 18:45:34,393 [INFO] Chart saved. Top topic: General (81 mentions)
2026-07-12 18:55:34,399 [INFO] TrendPulse starting up
2026-07-12 18:55:37,156 [INFO] Scrapping Complete,running Analysis
2026-07-12 18:55:42,522 [INFO] Chart saved. Top topic: General (81 mentions)
2026-07-12 20:11:21,020 [INFO] TrendPulse starting up
2026-07-12 20:11:22,098 [ERROR] Worker failed on https://www.dawn.com/latest-news: 403 Forbidden Error https://www.dawn.com/latest-news
2026-07-12 20:11:23,565 [INFO] Scrapping Complete,running Analysis
2026-07-12 20:11:28,841 [INFO] Chart saved. Top topic: General (83 mentions)
2026-07-12 20:19:23,157 [INFO] TrendPulse starting up
2026-07-12 20:19:24,123 [ERROR] Worker failed on https://www.dawn.com/latest-news: 403 Forbidden Error https://www.dawn.com/latest-news
2026-07-12 20:19:33,395 [ERROR] Worker failed on https://www.radio.gov.pk/newslist/1: 
2026-07-12 20:19:33,395 [INFO] Scrapping Complete,running Analysis
2026-07-12 20:19:38,385 [INFO] Chart saved. Top topic: General (83 mentions)
2026-07-12 20:21:07,999 [INFO] TrendPulse starting up
2026-07-12 20:21:08,901 [ERROR] Worker failed on https://www.dawn.com/latest-news: 403 Forbidden Error https://www.dawn.com/latest-news
2026-07-12 20:21:10,565 [INFO] Scrapping Complete,running Analysis
2026-07-12 20:21:15,418 [INFO] Chart saved. Top topic: General (83 mentions)
2026-07-12 20:26:12,361 [INFO] TrendPulse starting up
2026-07-12 20:26:12,931 [ERROR] Worker failed on https://www.dawn.com/latest-news: 403 Forbidden Error https://www.dawn.com/latest-news
2026-07-12 20:26:14,111 [INFO] Scrapping Complete,running Analysis
2026-07-12 20:26:19,113 [INFO] Chart saved. Top topic: General (83 mentions)
2026-07-12 20:27:31,702 [INFO] TrendPulse starting up
2026-07-12 20:27:31,704 [ERROR] Worker failed on https://www.radio.gov.pk/newslist/1: fetch_html() takes 1 positional argument but 2 were given
2026-07-12 20:27:31,705 [ERROR] Worker failed on https://www.dawn.com/latest-news: fetch_html() takes 1 positional argument but 2 were given
2026-07-12 20:27:31,705 [ERROR] Worker failed on https://www.bbc.com/news: fetch_html() takes 1 positional argument but 2 were given
2026-07-12 20:27:31,706 [INFO] Scrapping Complete,running Analysis
2026-07-12 20:27:36,316 [INFO] Chart saved. Top topic: General (83 mentions)
2026-07-12 20:28:33,553 [INFO] TrendPulse starting up
2026-07-12 20:28:33,556 [ERROR] Worker failed on https://www.radio.gov.pk/newslist/1: fetch_html() takes 1 positional argument but 2 were given
2026-07-12 20:28:33,556 [ERROR] Worker failed on https://www.dawn.com/latest-news: fetch_html() takes 1 positional argument but 2 were given
2026-07-12 20:28:33,556 [ERROR] Worker failed on https://www.bbc.com/news: fetch_html() takes 1 positional argument but 2 were given
2026-07-12 20:28:33,557 [INFO] Scrapping Complete,running Analysis
2026-07-12 20:28:38,202 [INFO] Chart saved. Top topic: General (83 mentions)
2026-07-12 20:38:11,753 [INFO] TrendPulse starting up
2026-07-12 20:38:13,527 [ERROR] Worker failed on https://www.dawn.com/latest-news: 403 Forbidden Error https://www.dawn.com/latest-news
2026-07-12 20:38:14,156 [INFO] Scrapping Complete,running Analysis
2026-07-12 20:39:52,992 [INFO] TrendPulse starting up
2026-07-12 20:44:19,611 [INFO] TrendPulse starting up
2026-07-12 20:44:20,405 [WARNING] Falling back to Playwright for https://www.dawn.com/latest-news: 403 Forbidden Error https://www.dawn.com/latest-news
2026-07-12 20:44:21,272 [ERROR] Worker failed on https://www.dawn.com/latest-news: 403 Forbidden Error https://www.dawn.com/latest-news
2026-07-12 20:44:30,120 [INFO] Scrapping Complete,running Analysis
2026-07-12 20:44:34,740 [INFO] Chart saved. Top topic: General (84 mentions)
2026-07-12 20:45:03,268 [INFO] TrendPulse starting up
2026-07-12 20:45:04,150 [WARNING] Falling back to Playwright for https://www.dawn.com/latest-news: 403 Forbidden Error https://www.dawn.com/latest-news
2026-07-12 20:45:16,084 [INFO] Scrapping Complete,running Analysis
2026-07-12 20:45:20,642 [INFO] Chart saved. Top topic: General (84 mentions)
2026-07-12 20:50:14,896 [INFO] TrendPulse starting up
2026-07-12 20:50:15,453 [WARNING] Falling back to Playwright for https://www.dawn.com/latest-news: 403 Forbidden Error https://www.dawn.com/latest-news
2026-07-12 20:50:18,570 [INFO] Scrapping Complete,running Analysis
2026-07-12 20:50:23,616 [INFO] Chart saved. Top topic: General (84 mentions)
2026-07-12 20:53:40,148 [INFO] TrendPulse starting up
2026-07-12 20:53:40,736 [WARNING] Falling back to Playwright for https://www.dawn.com/latest-news: 403 Forbidden Error https://www.dawn.com/latest-news
2026-07-12 20:53:43,253 [INFO] Scrapping Complete,running Analysis
2026-07-12 20:53:47,997 [INFO] Chart saved. Top topic: General (138 mentions)
2026-07-12 20:58:41,068 [INFO] TrendPulse starting up
2026-07-12 20:58:41,999 [WARNING] Falling back to Playwright for https://www.dawn.com/latest-news: 403 Forbidden Error https://www.dawn.com/latest-news
2026-07-12 20:58:44,410 [INFO] Scrapping Complete,running Analysis
2026-07-12 20:58:49,072 [INFO] Chart saved. Top topic: General (138 mentions)
2026-07-12 21:09:04,261 [INFO] TrendPulse starting up
2026-07-12 21:09:07,061 [WARNING] Falling back to Playwright for https://www.dawn.com/latest-news: 403 Forbidden Error https://www.dawn.com/latest-news
2026-07-12 21:09:12,112 [INFO] Scrapping Complete,running Analysis
2026-07-12 21:09:16,665 [INFO] Chart saved. Top topic: General (140 mentions)
2026-07-13 00:44:31,538 [INFO] TrendPulse starting up
2026-07-13 00:44:32,204 [WARNING] Falling back to Playwright for https://www.dawn.com/latest-news: 403 Forbidden Error https://www.dawn.com/latest-news
2026-07-13 00:44:38,385 [INFO] Scrapping Complete,running Analysis
2026-07-13 00:44:43,199 [INFO] Chart saved. Top topic: General (157 mentions)
2026-07-13 00:47:54,545 [INFO] TrendPulse starting up
2026-07-13 00:47:55,164 [WARNING] Falling back to Playwright for https://www.dawn.com/latest-news: 403 Forbidden Error https://www.dawn.com/latest-news
2026-07-13 00:47:57,746 [INFO] Scrapping Complete,running Analysis
2026-07-13 00:48:02,484 [INFO] Chart saved. Top topic: General (70 mentions)
2026-07-13 00:58:02,491 [INFO] TrendPulse starting up
2026-07-13 00:58:03,183 [WARNING] Falling back to Playwright for https://www.dawn.com/latest-news: 403 Forbidden Error https://www.dawn.com/latest-news
2026-07-13 00:58:08,867 [INFO] Scrapping Complete,running Analysis
2026-07-13 00:58:13,988 [INFO] Chart saved. Top topic: General (71 mentions)
2026-07-13 01:08:13,995 [INFO] TrendPulse starting up
2026-07-13 01:08:14,943 [WARNING] Falling back to Playwright for https://www.dawn.com/latest-news: 403 Forbidden Error https://www.dawn.com/latest-news
2026-07-13 01:08:21,242 [INFO] Scrapping Complete,running Analysis
2026-07-13 01:08:25,939 [INFO] Chart saved. Top topic: General (73 mentions)
2026-07-13 01:18:25,946 [INFO] TrendPulse starting up
2026-07-13 01:18:27,117 [WARNING] Falling back to Playwright for https://www.dawn.com/latest-news: 403 Forbidden Error https://www.dawn.com/latest-news
2026-07-13 01:18:32,573 [INFO] Scrapping Complete,running Analysis
2026-07-13 01:18:37,945 [INFO] Chart saved. Top topic: General (73 mentions)
2026-07-13 01:28:31,800 [INFO] TrendPulse starting up
2026-07-13 01:28:32,785 [WARNING] Falling back to Playwright for https://www.dawn.com/latest-news: 403 Forbidden Error https://www.dawn.com/latest-news
2026-07-13 01:28:38,184 [INFO] Scrapping Complete,running Analysis
2026-07-13 01:28:43,478 [INFO] Chart saved. Top topic: General (73 mentions)
2026-07-13 01:38:43,486 [INFO] TrendPulse starting up
2026-07-13 01:38:44,133 [WARNING] Falling back to Playwright for https://www.dawn.com/latest-news: 403 Forbidden Error https://www.dawn.com/latest-news
2026-07-13 01:38:50,389 [INFO] Scrapping Complete,running Analysis
2026-07-13 01:38:55,608 [INFO] Chart saved. Top topic: General (73 mentions)
2026-07-13 01:48:55,615 [INFO] TrendPulse starting up
2026-07-13 01:48:56,222 [WARNING] Falling back to Playwright for https://www.dawn.com/latest-news: 403 Forbidden Error https://www.dawn.com/latest-news
2026-07-13 01:49:01,827 [INFO] Scrapping Complete,running Analysis
2026-07-13 01:49:07,282 [INFO] Chart saved. Top topic: General (73 mentions)
2026-07-13 14:34:28,142 [INFO] TrendPulse starting up
2026-07-13 14:34:28,808 [WARNING] Falling back to Playwright for https://www.dawn.com/latest-news: 403 Forbidden Error https://www.dawn.com/latest-news
2026-07-13 14:34:34,969 [INFO] Scrapping Complete,running Analysis
2026-07-13 14:34:39,867 [INFO] Chart saved. Top topic: General (107 mentions)
2026-07-13 14:44:39,874 [INFO] TrendPulse starting up
2026-07-13 14:44:40,584 [WARNING] Falling back to Playwright for https://www.dawn.com/latest-news: 403 Forbidden Error https://www.dawn.com/latest-news
2026-07-13 14:44:47,080 [INFO] Scrapping Complete,running Analysis
2026-07-13 14:44:51,893 [INFO] Chart saved. Top topic: General (110 mentions)
2026-07-13 14:54:51,908 [INFO] TrendPulse starting up
2026-07-13 14:54:52,620 [WARNING] Falling back to Playwright for https://www.dawn.com/latest-news: 403 Forbidden Error https://www.dawn.com/latest-news
2026-07-13 14:55:03,680 [INFO] Scrapping Complete,running Analysis
2026-07-13 14:55:08,532 [INFO] Chart saved. Top topic: General (110 mentions)
2026-07-13 15:05:08,539 [INFO] TrendPulse starting up
2026-07-13 15:05:09,092 [WARNING] Falling back to Playwright for https://www.dawn.com/latest-news: 403 Forbidden Error https://www.dawn.com/latest-news
2026-07-13 15:05:14,949 [INFO] Scrapping Complete,running Analysis
2026-07-13 15:05:19,829 [INFO] Chart saved. Top topic: General (112 mentions)
2026-07-13 16:00:33,041 [INFO] TrendPulse starting up
2026-07-13 16:00:34,111 [WARNING] Falling back to Playwright for https://www.dawn.com/latest-news: 403 Forbidden Error https://www.dawn.com/latest-news
2026-07-13 16:00:39,648 [INFO] Scrapping Complete,running Analysis
2026-07-13 16:00:44,761 [INFO] Chart saved. Top topic: General (122 mentions)
2026-07-13 16:03:16,769 [INFO] TrendPulse starting up
2026-07-13 16:03:18,453 [INFO] Scrapping Complete,running Analysis
2026-07-13 16:03:22,842 [INFO] Chart saved. Top topic: General (124 mentions)
INFO:root:TrendPulse starting up
INFO:root:Scrapping Complete,running Analysis
INFO:root:Chart saved. Top topic: General (125 mentions)
2026-07-13 16:14:07,143  TrendPulse starting up
2026-07-13 16:14:09,715  Scrapping Complete,running Analysis
2026-07-13 16:14:14,339  Chart saved. Top topic: General (125 mentions)
2026-07-13 16:38:27,287 TrendPulse starting up
2026-07-13 16:38:29,808 Scrapping Complete,running Analysis
2026-07-13 16:38:34,502 Chart saved. Top topic: General (126 mentions)
